// Jest Snapshot v1, https://goo.gl/fbAQLP

exports[`SignButton component renders correctly 1`] = `ShallowWrapper {}`;
