// Jest Snapshot v1, https://goo.gl/fbAQLP

exports[`InfoHeader component renders correctly 1`] = `ShallowWrapper {}`;
