// Jest Snapshot v1, https://goo.gl/fbAQLP

exports[`InfoText component renders correctly 1`] = `ShallowWrapper {}`;
