// Jest Snapshot v1, https://goo.gl/fbAQLP

exports[`IconImage component renders correctly 1`] = `ShallowWrapper {}`;
