// Jest Snapshot v1, https://goo.gl/fbAQLP

exports[`SignButtons component renders correctly 1`] = `ReactWrapper {}`;
