// Jest Snapshot v1, https://goo.gl/fbAQLP

exports[`Home BackScene component renders correctly 1`] = `ReactWrapper {}`;
