// Jest Snapshot v1, https://goo.gl/fbAQLP

exports[`App component NavigatorContainer component renders correctly 1`] = `
<View
  style={
    Object {
      "flex": 1,
    }
  }
>
  <RNCSafeAreaProvider
    onInsetsChange={[Function]}
    style={
      Array [
        Object {
          "flex": 1,
        },
        undefined,
      ]
    }
  >
    <View
      onLayout={[Function]}
      style={
        Object {
          "flex": 1,
        }
      }
    >
      <View
        pointerEvents="box-none"
        style={
          Object {
            "bottom": 0,
            "left": 0,
            "position": "absolute",
            "right": 0,
            "top": 0,
          }
        }
      >
        <View
          collapsable={false}
          style={
            Object {
              "opacity": 1,
            }
          }
        />
        <View
          accessibilityElementsHidden={false}
          closing={false}
          gestureVelocityImpact={0.3}
          importantForAccessibility="auto"
          onClose={[Function]}
          onGestureBegin={[Function]}
          onGestureCanceled={[Function]}
          onGestureEnd={[Function]}
          onOpen={[Function]}
          onTransitionStart={[Function]}
          pointerEvents="box-none"
          style={
            Object {
              "bottom": 0,
              "left": 0,
              "position": "absolute",
              "right": 0,
              "top": 0,
            }
          }
          transitionSpec={
            Object {
              "close": Object {
                "animation": "spring",
                "config": Object {
                  "damping": 500,
                  "mass": 3,
                  "overshootClamping": true,
                  "restDisplacementThreshold": 10,
                  "restSpeedThreshold": 10,
                  "stiffness": 1000,
                },
              },
              "open": Object {
                "animation": "spring",
                "config": Object {
                  "damping": 500,
                  "mass": 3,
                  "overshootClamping": true,
                  "restDisplacementThreshold": 10,
                  "restSpeedThreshold": 10,
                  "stiffness": 1000,
                },
              },
            }
          }
        >
          <View
            needsOffscreenAlphaCompositing={false}
            pointerEvents="box-none"
            style={
              Object {
                "flex": 1,
              }
            }
          >
            <View
              collapsable={false}
              forwardedRef={[Function]}
              onGestureHandlerEvent={[Function]}
              onGestureHandlerStateChange={[Function]}
              style={
                Object {
                  "flex": 1,
                  "transform": Array [
                    Object {
                      "translateX": 0,
                    },
                    Object {
                      "translateX": 0,
                    },
                  ],
                }
              }
            >
              <View
                pointerEvents="none"
                style={
                  Object {
                    "backgroundColor": "rgb(242, 242, 242)",
                    "bottom": 0,
                    "left": 0,
                    "position": "absolute",
                    "shadowColor": "#000",
                    "shadowOffset": Object {
                      "height": 1,
                      "width": -1,
                    },
                    "shadowOpacity": 0.3,
                    "shadowRadius": 5,
                    "top": 0,
                    "width": 3,
                  }
                }
              />
              <View
                style={
                  Array [
                    Object {
                      "flex": 1,
                      "overflow": "hidden",
                    },
                    Array [
                      Object {
                        "backgroundColor": "rgb(242, 242, 242)",
                      },
                      undefined,
                    ],
                  ]
                }
              >
                <View
                  style={
                    Object {
                      "flex": 1,
                      "flexDirection": "column-reverse",
                    }
                  }
                >
                  <View
                    style={
                      Object {
                        "flex": 1,
                      }
                    }
                  >
                    <View>
                      <View
                        style={
                          Object {
                            "height": "100%",
                            "position": "relative",
                            "width": "100%",
                          }
                        }
                      >
                        <Image
                          source={
                            Object {
                              "testUri": "../../../src/assets/images/background.png",
                            }
                          }
                          style={
                            Object {
                              "height": "80%",
                              "resizeMode": "stretch",
                              "width": "100%",
                            }
                          }
                        />
                      </View>
                      <View
                        style={
                          Object {
                            "height": 200,
                            "left": 0,
                            "position": "absolute",
                            "top": "30%",
                            "width": "100%",
                          }
                        }
                      >
                        <Image
                          source={
                            Object {
                              "testUri": "../../../src/assets/images/delivery.png",
                            }
                          }
                          style={
                            Object {
                              "height": "100%",
                              "width": "100%",
                            }
                          }
                        />
                      </View>
                      <View
                        style={
                          Object {
                            "alignItems": "center",
                            "height": 100,
                            "justifyContent": "center",
                            "left": 0,
                            "position": "absolute",
                            "top": 0,
                            "width": "100%",
                          }
                        }
                      >
                        <Image
                          source={
                            Object {
                              "testUri": "../../../src/assets/images/Logo.png",
                            }
                          }
                          style={Object {}}
                        />
                      </View>
                      <View
                        style={
                          Object {
                            "alignItems": "center",
                            "height": 100,
                            "left": 0,
                            "position": "absolute",
                            "top": "15%",
                            "width": "100%",
                          }
                        }
                      >
                        <Text
                          style={
                            Object {
                              "color": "#FFFFFF",
                              "fontFamily": "Roboto-Black",
                              "fontSize": 30,
                              "fontWeight": "500",
                              "textAlign": "center",
                              "width": "90%",
                            }
                          }
                        >
                          Delivering Everything Else
                        </Text>
                      </View>
                      <View
                        style={
                          Object {
                            "alignItems": "center",
                            "bottom": 0,
                            "flex": 1,
                            "height": 150,
                            "justifyContent": "center",
                            "position": "absolute",
                            "width": "100%",
                          }
                        }
                      >
                        <View
                          accessible={true}
                          focusable={true}
                          onClick={[Function]}
                          onResponderGrant={[Function]}
                          onResponderMove={[Function]}
                          onResponderRelease={[Function]}
                          onResponderTerminate={[Function]}
                          onResponderTerminationRequest={[Function]}
                          onStartShouldSetResponder={[Function]}
                          style={
                            Object {
                              "alignItems": "center",
                              "backgroundColor": "#333C45",
                              "borderRadius": 10,
                              "height": 45,
                              "justifyContent": "center",
                              "marginBottom": 10,
                              "opacity": 1,
                              "width": "90%",
                            }
                          }
                        >
                          <Text
                            style={
                              Object {
                                "color": "#FFFFFF",
                                "fontFamily": "Roboto-Bold",
                                "fontSize": 20,
                              }
                            }
                          >
                            Sign in
                          </Text>
                        </View>
                        <View
                          accessible={true}
                          focusable={true}
                          onClick={[Function]}
                          onResponderGrant={[Function]}
                          onResponderMove={[Function]}
                          onResponderRelease={[Function]}
                          onResponderTerminate={[Function]}
                          onResponderTerminationRequest={[Function]}
                          onStartShouldSetResponder={[Function]}
                          style={
                            Object {
                              "alignItems": "center",
                              "backgroundColor": "#333C45",
                              "borderRadius": 10,
                              "height": 45,
                              "justifyContent": "center",
                              "marginBottom": 10,
                              "opacity": 1,
                              "width": "90%",
                            }
                          }
                        >
                          <Text
                            style={
                              Object {
                                "color": "#FFFFFF",
                                "fontFamily": "Roboto-Bold",
                                "fontSize": 20,
                              }
                            }
                          >
                            Sign up
                          </Text>
                        </View>
                      </View>
                    </View>
                  </View>
                </View>
              </View>
            </View>
          </View>
        </View>
      </View>
    </View>
  </RNCSafeAreaProvider>
</View>
`;

exports[`App component renders correctly 1`] = `
<View
  style={
    Object {
      "flex": 1,
    }
  }
>
  <RNCSafeAreaProvider
    onInsetsChange={[Function]}
    style={
      Array [
        Object {
          "flex": 1,
        },
        undefined,
      ]
    }
  >
    <View
      onLayout={[Function]}
      style={
        Object {
          "flex": 1,
        }
      }
    >
      <View
        pointerEvents="box-none"
        style={
          Object {
            "bottom": 0,
            "left": 0,
            "position": "absolute",
            "right": 0,
            "top": 0,
          }
        }
      >
        <View
          collapsable={false}
          style={
            Object {
              "opacity": 1,
            }
          }
        />
        <View
          accessibilityElementsHidden={false}
          closing={false}
          gestureVelocityImpact={0.3}
          importantForAccessibility="auto"
          onClose={[Function]}
          onGestureBegin={[Function]}
          onGestureCanceled={[Function]}
          onGestureEnd={[Function]}
          onOpen={[Function]}
          onTransitionStart={[Function]}
          pointerEvents="box-none"
          style={
            Object {
              "bottom": 0,
              "left": 0,
              "position": "absolute",
              "right": 0,
              "top": 0,
            }
          }
          transitionSpec={
            Object {
              "close": Object {
                "animation": "spring",
                "config": Object {
                  "damping": 500,
                  "mass": 3,
                  "overshootClamping": true,
                  "restDisplacementThreshold": 10,
                  "restSpeedThreshold": 10,
                  "stiffness": 1000,
                },
              },
              "open": Object {
                "animation": "spring",
                "config": Object {
                  "damping": 500,
                  "mass": 3,
                  "overshootClamping": true,
                  "restDisplacementThreshold": 10,
                  "restSpeedThreshold": 10,
                  "stiffness": 1000,
                },
              },
            }
          }
        >
          <View
            needsOffscreenAlphaCompositing={false}
            pointerEvents="box-none"
            style={
              Object {
                "flex": 1,
              }
            }
          >
            <View
              collapsable={false}
              forwardedRef={[Function]}
              onGestureHandlerEvent={[Function]}
              onGestureHandlerStateChange={[Function]}
              style={
                Object {
                  "flex": 1,
                  "transform": Array [
                    Object {
                      "translateX": 0,
                    },
                    Object {
                      "translateX": 0,
                    },
                  ],
                }
              }
            >
              <View
                pointerEvents="none"
                style={
                  Object {
                    "backgroundColor": "rgb(242, 242, 242)",
                    "bottom": 0,
                    "left": 0,
                    "position": "absolute",
                    "shadowColor": "#000",
                    "shadowOffset": Object {
                      "height": 1,
                      "width": -1,
                    },
                    "shadowOpacity": 0.3,
                    "shadowRadius": 5,
                    "top": 0,
                    "width": 3,
                  }
                }
              />
              <View
                style={
                  Array [
                    Object {
                      "flex": 1,
                      "overflow": "hidden",
                    },
                    Array [
                      Object {
                        "backgroundColor": "rgb(242, 242, 242)",
                      },
                      undefined,
                    ],
                  ]
                }
              >
                <View
                  style={
                    Object {
                      "flex": 1,
                      "flexDirection": "column-reverse",
                    }
                  }
                >
                  <View
                    style={
                      Object {
                        "flex": 1,
                      }
                    }
                  >
                    <View>
                      <View
                        style={
                          Object {
                            "height": "100%",
                            "position": "relative",
                            "width": "100%",
                          }
                        }
                      >
                        <Image
                          source={
                            Object {
                              "testUri": "../../../src/assets/images/background.png",
                            }
                          }
                          style={
                            Object {
                              "height": "80%",
                              "resizeMode": "stretch",
                              "width": "100%",
                            }
                          }
                        />
                      </View>
                      <View
                        style={
                          Object {
                            "height": 200,
                            "left": 0,
                            "position": "absolute",
                            "top": "30%",
                            "width": "100%",
                          }
                        }
                      >
                        <Image
                          source={
                            Object {
                              "testUri": "../../../src/assets/images/delivery.png",
                            }
                          }
                          style={
                            Object {
                              "height": "100%",
                              "width": "100%",
                            }
                          }
                        />
                      </View>
                      <View
                        style={
                          Object {
                            "alignItems": "center",
                            "height": 100,
                            "justifyContent": "center",
                            "left": 0,
                            "position": "absolute",
                            "top": 0,
                            "width": "100%",
                          }
                        }
                      >
                        <Image
                          source={
                            Object {
                              "testUri": "../../../src/assets/images/Logo.png",
                            }
                          }
                          style={Object {}}
                        />
                      </View>
                      <View
                        style={
                          Object {
                            "alignItems": "center",
                            "height": 100,
                            "left": 0,
                            "position": "absolute",
                            "top": "15%",
                            "width": "100%",
                          }
                        }
                      >
                        <Text
                          style={
                            Object {
                              "color": "#FFFFFF",
                              "fontFamily": "Roboto-Black",
                              "fontSize": 30,
                              "fontWeight": "500",
                              "textAlign": "center",
                              "width": "90%",
                            }
                          }
                        >
                          Delivering Everything Else
                        </Text>
                      </View>
                      <View
                        style={
                          Object {
                            "alignItems": "center",
                            "bottom": 0,
                            "flex": 1,
                            "height": 150,
                            "justifyContent": "center",
                            "position": "absolute",
                            "width": "100%",
                          }
                        }
                      >
                        <View
                          accessible={true}
                          focusable={true}
                          onClick={[Function]}
                          onResponderGrant={[Function]}
                          onResponderMove={[Function]}
                          onResponderRelease={[Function]}
                          onResponderTerminate={[Function]}
                          onResponderTerminationRequest={[Function]}
                          onStartShouldSetResponder={[Function]}
                          style={
                            Object {
                              "alignItems": "center",
                              "backgroundColor": "#333C45",
                              "borderRadius": 10,
                              "height": 45,
                              "justifyContent": "center",
                              "marginBottom": 10,
                              "opacity": 1,
                              "width": "90%",
                            }
                          }
                        >
                          <Text
                            style={
                              Object {
                                "color": "#FFFFFF",
                                "fontFamily": "Roboto-Bold",
                                "fontSize": 20,
                              }
                            }
                          >
                            Sign in
                          </Text>
                        </View>
                        <View
                          accessible={true}
                          focusable={true}
                          onClick={[Function]}
                          onResponderGrant={[Function]}
                          onResponderMove={[Function]}
                          onResponderRelease={[Function]}
                          onResponderTerminate={[Function]}
                          onResponderTerminationRequest={[Function]}
                          onStartShouldSetResponder={[Function]}
                          style={
                            Object {
                              "alignItems": "center",
                              "backgroundColor": "#333C45",
                              "borderRadius": 10,
                              "height": 45,
                              "justifyContent": "center",
                              "marginBottom": 10,
                              "opacity": 1,
                              "width": "90%",
                            }
                          }
                        >
                          <Text
                            style={
                              Object {
                                "color": "#FFFFFF",
                                "fontFamily": "Roboto-Bold",
                                "fontSize": 20,
                              }
                            }
                          >
                            Sign up
                          </Text>
                        </View>
                      </View>
                    </View>
                  </View>
                </View>
              </View>
            </View>
          </View>
        </View>
      </View>
    </View>
  </RNCSafeAreaProvider>
</View>
`;
